Archive member included to satisfy reference by file (symbol)

c:/st/stm32cubeide_1.4.0/stm32cubeide/plugins/com.st.stm32cube.ide.mcu.externaltools.gnu-tools-for-stm32.7-2018-q2-update.win32_1.4.0.202007081208/tools/bin/../lib/gcc/arm-none-eabi/7.3.1/../../../../arm-none-eabi/lib/thumb/v6-m\libc_nano.a(lib_a-errno.o)
                              Core/Src/syscalls.o (__errno)
c:/st/stm32cubeide_1.4.0/stm32cubeide/plugins/com.st.stm32cube.ide.mcu.externaltools.gnu-tools-for-stm32.7-2018-q2-update.win32_1.4.0.202007081208/tools/bin/../lib/gcc/arm-none-eabi/7.3.1/../../../../arm-none-eabi/lib/thumb/v6-m\libc_nano.a(lib_a-exit.o)
                              c:/st/stm32cubeide_1.4.0/stm32cubeide/plugins/com.st.stm32cube.ide.mcu.externaltools.gnu-tools-for-stm32.7-2018-q2-update.win32_1.4.0.202007081208/tools/bin/../lib/gcc/arm-none-eabi/7.3.1/../../../../arm-none-eabi/lib/thumb/v6-m/crt0.o (exit)
c:/st/stm32cubeide_1.4.0/stm32cubeide/plugins/com.st.stm32cube.ide.mcu.externaltools.gnu-tools-for-stm32.7-2018-q2-update.win32_1.4.0.202007081208/tools/bin/../lib/gcc/arm-none-eabi/7.3.1/../../../../arm-none-eabi/lib/thumb/v6-m\libc_nano.a(lib_a-impure.o)
                              c:/st/stm32cubeide_1.4.0/stm32cubeide/plugins/com.st.stm32cube.ide.mcu.externaltools.gnu-tools-for-stm32.7-2018-q2-update.win32_1.4.0.202007081208/tools/bin/../lib/gcc/arm-none-eabi/7.3.1/../../../../arm-none-eabi/lib/thumb/v6-m\libc_nano.a(lib_a-exit.o) (_global_impure_ptr)
c:/st/stm32cubeide_1.4.0/stm32cubeide/plugins/com.st.stm32cube.ide.mcu.externaltools.gnu-tools-for-stm32.7-2018-q2-update.win32_1.4.0.202007081208/tools/bin/../lib/gcc/arm-none-eabi/7.3.1/../../../../arm-none-eabi/lib/thumb/v6-m\libc_nano.a(lib_a-init.o)
                              c:/st/stm32cubeide_1.4.0/stm32cubeide/plugins/com.st.stm32cube.ide.mcu.externaltools.gnu-tools-for-stm32.7-2018-q2-update.win32_1.4.0.202007081208/tools/bin/../lib/gcc/arm-none-eabi/7.3.1/../../../../arm-none-eabi/lib/thumb/v6-m/crt0.o (__libc_init_array)
c:/st/stm32cubeide_1.4.0/stm32cubeide/plugins/com.st.stm32cube.ide.mcu.externaltools.gnu-tools-for-stm32.7-2018-q2-update.win32_1.4.0.202007081208/tools/bin/../lib/gcc/arm-none-eabi/7.3.1/../../../../arm-none-eabi/lib/thumb/v6-m\libc_nano.a(lib_a-memset.o)
                              c:/st/stm32cubeide_1.4.0/stm32cubeide/plugins/com.st.stm32cube.ide.mcu.externaltools.gnu-tools-for-stm32.7-2018-q2-update.win32_1.4.0.202007081208/tools/bin/../lib/gcc/arm-none-eabi/7.3.1/../../../../arm-none-eabi/lib/thumb/v6-m/crt0.o (memset)
c:/st/stm32cubeide_1.4.0/stm32cubeide/plugins/com.st.stm32cube.ide.mcu.externaltools.gnu-tools-for-stm32.7-2018-q2-update.win32_1.4.0.202007081208/tools/bin/../lib/gcc/arm-none-eabi/7.3.1/thumb/v6-m\libgcc.a(_udivsi3.o)
                              Core/Src/system_stm32g0xx.o (__aeabi_uidiv)
c:/st/stm32cubeide_1.4.0/stm32cubeide/plugins/com.st.stm32cube.ide.mcu.externaltools.gnu-tools-for-stm32.7-2018-q2-update.win32_1.4.0.202007081208/tools/bin/../lib/gcc/arm-none-eabi/7.3.1/thumb/v6-m\libgcc.a(_dvmd_tls.o)
                              c:/st/stm32cubeide_1.4.0/stm32cubeide/plugins/com.st.stm32cube.ide.mcu.externaltools.gnu-tools-for-stm32.7-2018-q2-update.win32_1.4.0.202007081208/tools/bin/../lib/gcc/arm-none-eabi/7.3.1/thumb/v6-m\libgcc.a(_udivsi3.o) (__aeabi_idiv0)

Allocating common symbols
Common symbol       size              file

uwTick              0x4               Drivers/STM32G0xx_HAL_Driver/Src/stm32g0xx_hal.o

Discarded input sections

 .text          0x0000000000000000        0x0 c:/st/stm32cubeide_1.4.0/stm32cubeide/plugins/com.st.stm32cube.ide.mcu.externaltools.gnu-tools-for-stm32.7-2018-q2-update.win32_1.4.0.202007081208/tools/bin/../lib/gcc/arm-none-eabi/7.3.1/thumb/v6-m/crti.o
 .data          0x0000000000000000        0x0 c:/st/stm32cubeide_1.4.0/stm32cubeide/plugins/com.st.stm32cube.ide.mcu.externaltools.gnu-tools-for-stm32.7-2018-q2-update.win32_1.4.0.202007081208/tools/bin/../lib/gcc/arm-none-eabi/7.3.1/thumb/v6-m/crti.o
 .bss           0x0000000000000000        0x0 c:/st/stm32cubeide_1.4.0/stm32cubeide/plugins/com.st.stm32cube.ide.mcu.externaltools.gnu-tools-for-stm32.7-2018-q2-update.win32_1.4.0.202007081208/tools/bin/../lib/gcc/arm-none-eabi/7.3.1/thumb/v6-m/crti.o
 .data          0x0000000000000000        0x4 c:/st/stm32cubeide_1.4.0/stm32cubeide/plugins/com.st.stm32cube.ide.mcu.externaltools.gnu-tools-for-stm32.7-2018-q2-update.win32_1.4.0.202007081208/tools/bin/../lib/gcc/arm-none-eabi/7.3.1/thumb/v6-m/crtbegin.o
 .text          0x0000000000000000       0x78 c:/st/stm32cubeide_1.4.0/stm32cubeide/plugins/com.st.stm32cube.ide.mcu.externaltools.gnu-tools-for-stm32.7-2018-q2-update.win32_1.4.0.202007081208/tools/bin/../lib/gcc/arm-none-eabi/7.3.1/../../../../arm-none-eabi/lib/thumb/v6-m/crt0.o
[...]
Memory Configuration

Name             Origin             Length             Attributes
RAM              0x0000000020000000 0x0000000000009000 xrw
FLASH            0x0000000008000000 0x0000000000020000 xr
*default*        0x0000000000000000 0xffffffffffffffff

Linker script and memory map

LOAD c:/st/stm32cubeide_1.4.0/stm32cubeide/plugins/com.st.stm32cube.ide.mcu.externaltools.gnu-tools-for-stm32.7-2018-q2-update.win32_1.4.0.202007081208/tools/bin/../lib/gcc/arm-none-eabi/7.3.1/thumb/v6-m/crti.o
LOAD c:/st/stm32cubeide_1.4.0/stm32cubeide/plugins/com.st.stm32cube.ide.mcu.externaltools.gnu-tools-for-stm32.7-2018-q2-update.win32_1.4.0.202007081208/tools/bin/../lib/gcc/arm-none-eabi/7.3.1/thumb/v6-m/crtbegin.o
LOAD c:/st/stm32cubeide_1.4.0/stm32cubeide/plugins/com.st.stm32cube.ide.mcu.externaltools.gnu-tools-for-stm32.7-2018-q2-update.win32_1.4.0.202007081208/tools/bin/../lib/gcc/arm-none-eabi/7.3.1/../../../../arm-none-eabi/lib/thumb/v6-m/crt0.o
LOAD Core/Src/main.o
LOAD Core/Src/stm32g0xx_hal_msp.o
LOAD Core/Src/stm32g0xx_it.o
LOAD Core/Src/syscalls.o
LOAD Core/Src/sysmem.o
LOAD Core/Src/system_stm32g0xx.o
LOAD Core/Startup/startup_stm32g071rbtx.o
LOAD Drivers/STM32G0xx_HAL_Driver/Src/stm32g0xx_hal.o
LOAD Drivers/STM32G0xx_HAL_Driver/Src/stm32g0xx_hal_cortex.o
LOAD Drivers/STM32G0xx_HAL_Driver/Src/stm32g0xx_hal_dma.o
LOAD Drivers/STM32G0xx_HAL_Driver/Src/stm32g0xx_hal_dma_ex.o
LOAD Drivers/STM32G0xx_HAL_Driver/Src/stm32g0xx_hal_exti.o
LOAD Drivers/STM32G0xx_HAL_Driver/Src/stm32g0xx_hal_flash.o
LOAD Drivers/STM32G0xx_HAL_Driver/Src/stm32g0xx_hal_flash_ex.o
LOAD Drivers/STM32G0xx_HAL_Driver/Src/stm32g0xx_hal_gpio.o
LOAD Drivers/STM32G0xx_HAL_Driver/Src/stm32g0xx_hal_pwr.o
LOAD Drivers/STM32G0xx_HAL_Driver/Src/stm32g0xx_hal_pwr_ex.o
LOAD Drivers/STM32G0xx_HAL_Driver/Src/stm32g0xx_hal_rcc.o
LOAD Drivers/STM32G0xx_HAL_Driver/Src/stm32g0xx_hal_rcc_ex.o
LOAD Drivers/STM32G0xx_HAL_Driver/Src/stm32g0xx_hal_tim.o
LOAD Drivers/STM32G0xx_HAL_Driver/Src/stm32g0xx_hal_tim_ex.o
LOAD Drivers/STM32G0xx_HAL_Driver/Src/stm32g0xx_ll_dma.o
LOAD Drivers/STM32G0xx_HAL_Driver/Src/stm32g0xx_ll_rcc.o
START GROUP
LOAD c:/st/stm32cubeide_1.4.0/stm32cubeide/plugins/com.st.stm32cube.ide.mcu.externaltools.gnu-tools-for-stm32.7-2018-q2-update.win32_1.4.0.202007081208/tools/bin/../lib/gcc/arm-none-eabi/7.3.1/../../../../arm-none-eabi/lib/thumb/v6-m\libc_nano.a
LOAD c:/st/stm32cubeide_1.4.0/stm32cubeide/plugins/com.st.stm32cube.ide.mcu.externaltools.gnu-tools-for-stm32.7-2018-q2-update.win32_1.4.0.202007081208/tools/bin/../lib/gcc/arm-none-eabi/7.3.1/../../../../arm-none-eabi/lib/thumb/v6-m\libm.a
END GROUP
START GROUP
LOAD c:/st/stm32cubeide_1.4.0/stm32cubeide/plugins/com.st.stm32cube.ide.mcu.externaltools.gnu-tools-for-stm32.7-2018-q2-update.win32_1.4.0.202007081208/tools/bin/../lib/gcc/arm-none-eabi/7.3.1/thumb/v6-m\libgcc.a
LOAD c:/st/stm32cubeide_1.4.0/stm32cubeide/plugins/com.st.stm32cube.ide.mcu.externaltools.gnu-tools-for-stm32.7-2018-q2-update.win32_1.4.0.202007081208/tools/bin/../lib/gcc/arm-none-eabi/7.3.1/../../../../arm-none-eabi/lib/thumb/v6-m\libc_nano.a
END GROUP
START GROUP
LOAD c:/st/stm32cubeide_1.4.0/stm32cubeide/plugins/com.st.stm32cube.ide.mcu.externaltools.gnu-tools-for-stm32.7-2018-q2-update.win32_1.4.0.202007081208/tools/bin/../lib/gcc/arm-none-eabi/7.3.1/thumb/v6-m\libgcc.a
LOAD c:/st/stm32cubeide_1.4.0/stm32cubeide/plugins/com.st.stm32cube.ide.mcu.externaltools.gnu-tools-for-stm32.7-2018-q2-update.win32_1.4.0.202007081208/tools/bin/../lib/gcc/arm-none-eabi/7.3.1/../../../../arm-none-eabi/lib/thumb/v6-m\libc_nano.a
LOAD c:/st/stm32cubeide_1.4.0/stm32cubeide/plugins/com.st.stm32cube.ide.mcu.externaltools.gnu-tools-for-stm32.7-2018-q2-update.win32_1.4.0.202007081208/tools/bin/../lib/gcc/arm-none-eabi/7.3.1/../../../../arm-none-eabi/lib/thumb/v6-m\libnosys.a
END GROUP
START GROUP
LOAD c:/st/stm32cubeide_1.4.0/stm32cubeide/plugins/com.st.stm32cube.ide.mcu.externaltools.gnu-tools-for-stm32.7-2018-q2-update.win32_1.4.0.202007081208/tools/bin/../lib/gcc/arm-none-eabi/7.3.1/thumb/v6-m\libgcc.a
LOAD c:/st/stm32cubeide_1.4.0/stm32cubeide/plugins/com.st.stm32cube.ide.mcu.externaltools.gnu-tools-for-stm32.7-2018-q2-update.win32_1.4.0.202007081208/tools/bin/../lib/gcc/arm-none-eabi/7.3.1/../../../../arm-none-eabi/lib/thumb/v6-m\libc_nano.a
LOAD c:/st/stm32cubeide_1.4.0/stm32cubeide/plugins/com.st.stm32cube.ide.mcu.externaltools.gnu-tools-for-stm32.7-2018-q2-update.win32_1.4.0.202007081208/tools/bin/../lib/gcc/arm-none-eabi/7.3.1/../../../../arm-none-eabi/lib/thumb/v6-m\libnosys.a
END GROUP
LOAD c:/st/stm32cubeide_1.4.0/stm32cubeide/plugins/com.st.stm32cube.ide.mcu.externaltools.gnu-tools-for-stm32.7-2018-q2-update.win32_1.4.0.202007081208/tools/bin/../lib/gcc/arm-none-eabi/7.3.1/thumb/v6-m/crtend.o
LOAD c:/st/stm32cubeide_1.4.0/stm32cubeide/plugins/com.st.stm32cube.ide.mcu.externaltools.gnu-tools-for-stm32.7-2018-q2-update.win32_1.4.0.202007081208/tools/bin/../lib/gcc/arm-none-eabi/7.3.1/thumb/v6-m/crtn.o
                0x0000000020009000                _estack = (ORIGIN (RAM) + LENGTH (RAM))
                0x0000000000000200                _Min_Heap_Size = 0x200
                0x0000000000000400                _Min_Stack_Size = 0x400

.isr_vector     0x0000000008000000       0xbc
                0x0000000008000000                . = ALIGN (0x4)
 *(.isr_vector)
 .isr_vector    0x0000000008000000       0xbc Core/Startup/startup_stm32g071rbtx.o
                0x0000000008000000                g_pfnVectors
                0x00000000080000bc                . = ALIGN (0x4)

.text           0x00000000080000bc      0x2c0
                0x00000000080000bc                . = ALIGN (0x4)
 *(.text)
 .text          0x00000000080000bc       0x48 c:/st/stm32cubeide_1.4.0/stm32cubeide/plugins/com.st.stm32cube.ide.mcu.externaltools.gnu-tools-for-stm32.7-2018-q2-update.win32_1.4.0.202007081208/tools/bin/../lib/gcc/arm-none-eabi/7.3.1/thumb/v6-m/crtbegin.o
 *(.text*)
 .text.GPIOC_Config
                0x0000000008000104       0x30 Core/Src/main.o
                0x0000000008000104                GPIOC_Config
 .text.UART3_Config
                0x0000000008000134       0xd8 Core/Src/main.o
                0x0000000008000134                UART3_Config
 .text.UART3_SendChar
                0x000000000800020c       0x2c Core/Src/main.o
                0x000000000800020c                UART3_SendChar
 .text.main     0x0000000008000238       0x24 Core/Src/main.o
                0x0000000008000238                main
 .text.NMI_Handler
                0x000000000800025c        0xa Core/Src/stm32g0xx_it.o
                0x000000000800025c                NMI_Handler
 .text.HardFault_Handler
                0x0000000008000266        0x6 Core/Src/stm32g0xx_it.o
                0x0000000008000266                HardFault_Handler
 .text.SVC_Handler
                0x000000000800026c        0xa Core/Src/stm32g0xx_it.o
                0x000000000800026c                SVC_Handler
 .text.PendSV_Handler
                0x0000000008000276        0xa Core/Src/stm32g0xx_it.o
                0x0000000008000276                PendSV_Handler
 .text.SysTick_Handler
                0x0000000008000280        0xe Core/Src/stm32g0xx_it.o
                0x0000000008000280                SysTick_Handler
 *fill*         0x000000000800028e        0x2 
 .text.SystemInit
                0x0000000008000290       0x18 Core/Src/system_stm32g0xx.o
                0x0000000008000290                SystemInit
 .text.Reset_Handler
                0x00000000080002a8       0x50 Core/Startup/startup_stm32g071rbtx.o
                0x00000000080002a8                Reset_Handler
 .text.Default_Handler
                0x00000000080002f8        0x2 Core/Startup/startup_stm32g071rbtx.o
                0x00000000080002f8                USART3_4_LPUART1_IRQHandler
                0x00000000080002f8                TIM1_CC_IRQHandler
                0x00000000080002f8                ADC1_COMP_IRQHandler
                0x00000000080002f8                PVD_IRQHandler
                0x00000000080002f8                I2C1_IRQHandler
                0x00000000080002f8                TIM7_LPTIM2_IRQHandler
                0x00000000080002f8                RTC_TAMP_IRQHandler
                0x00000000080002f8                SPI1_IRQHandler
                0x00000000080002f8                EXTI2_3_IRQHandler
                0x00000000080002f8                I2C2_IRQHandler
                0x00000000080002f8                TIM17_IRQHandler
                0x00000000080002f8                TIM16_IRQHandler
                0x00000000080002f8                TIM3_IRQHandler
                0x00000000080002f8                EXTI4_15_IRQHandler
                0x00000000080002f8                RCC_IRQHandler
                0x00000000080002f8                DMA1_Channel1_IRQHandler
                0x00000000080002f8                Default_Handler
                0x00000000080002f8                CEC_IRQHandler
                0x00000000080002f8                TIM14_IRQHandler
                0x00000000080002f8                TIM15_IRQHandler
                0x00000000080002f8                EXTI0_1_IRQHandler
                0x00000000080002f8                SPI2_IRQHandler
                0x00000000080002f8                TIM6_DAC_LPTIM1_IRQHandler
                0x00000000080002f8                WWDG_IRQHandler
                0x00000000080002f8                TIM2_IRQHandler
                0x00000000080002f8                DMA1_Ch4_7_DMAMUX1_OVR_IRQHandler
                0x00000000080002f8                DMA1_Channel2_3_IRQHandler
                0x00000000080002f8                UCPD1_2_IRQHandler
                0x00000000080002f8                USART2_IRQHandler
                0x00000000080002f8                FLASH_IRQHandler
                0x00000000080002f8                USART1_IRQHandler
                0x00000000080002f8                TIM1_BRK_UP_TRG_COM_IRQHandler
 *fill*         0x00000000080002fa        0x2 
 .text.HAL_IncTick
                0x00000000080002fc       0x20 Drivers/STM32G0xx_HAL_Driver/Src/stm32g0xx_hal.o
                0x00000000080002fc                HAL_IncTick
 .text.__libc_init_array
                0x000000000800031c       0x48 c:/st/stm32cubeide_1.4.0/stm32cubeide/plugins/com.st.stm32cube.ide.mcu.externaltools.gnu-tools-for-stm32.7-2018-q2-update.win32_1.4.0.202007081208/tools/bin/../lib/gcc/arm-none-eabi/7.3.1/../../../../arm-none-eabi/lib/thumb/v6-m\libc_nano.a(lib_a-init.o)
                0x000000000800031c                __libc_init_array
 *(.glue_7)
 .glue_7        0x0000000008000364        0x0 linker stubs
 *(.glue_7t)
 .glue_7t       0x0000000008000364        0x0 linker stubs
 *(.eh_frame)
 .eh_frame      0x0000000008000364        0x0 c:/st/stm32cubeide_1.4.0/stm32cubeide/plugins/com.st.stm32cube.ide.mcu.externaltools.gnu-tools-for-stm32.7-2018-q2-update.win32_1.4.0.202007081208/tools/bin/../lib/gcc/arm-none-eabi/7.3.1/thumb/v6-m/crtbegin.o
 *(.init)
 .init          0x0000000008000364        0x4 c:/st/stm32cubeide_1.4.0/stm32cubeide/plugins/com.st.stm32cube.ide.mcu.externaltools.gnu-tools-for-stm32.7-2018-q2-update.win32_1.4.0.202007081208/tools/bin/../lib/gcc/arm-none-eabi/7.3.1/thumb/v6-m/crti.o
                0x0000000008000364                _init
 .init          0x0000000008000368        0x8 c:/st/stm32cubeide_1.4.0/stm32cubeide/plugins/com.st.stm32cube.ide.mcu.externaltools.gnu-tools-for-stm32.7-2018-q2-update.win32_1.4.0.202007081208/tools/bin/../lib/gcc/arm-none-eabi/7.3.1/thumb/v6-m/crtn.o
 *(.fini)
 .fini          0x0000000008000370        0x4 c:/st/stm32cubeide_1.4.0/stm32cubeide/plugins/com.st.stm32cube.ide.mcu.externaltools.gnu-tools-for-stm32.7-2018-q2-update.win32_1.4.0.202007081208/tools/bin/../lib/gcc/arm-none-eabi/7.3.1/thumb/v6-m/crti.o
                0x0000000008000370                _fini
 .fini          0x0000000008000374        0x8 c:/st/stm32cubeide_1.4.0/stm32cubeide/plugins/com.st.stm32cube.ide.mcu.externaltools.gnu-tools-for-stm32.7-2018-q2-update.win32_1.4.0.202007081208/tools/bin/../lib/gcc/arm-none-eabi/7.3.1/thumb/v6-m/crtn.o
                0x000000000800037c                . = ALIGN (0x4)
                0x000000000800037c                _etext = .

.vfp11_veneer   0x000000000800037c        0x0
 .vfp11_veneer  0x000000000800037c        0x0 linker stubs

.v4_bx          0x000000000800037c        0x0
 .v4_bx         0x000000000800037c        0x0 linker stubs

.iplt           0x000000000800037c        0x0
 .iplt          0x000000000800037c        0x0 c:/st/stm32cubeide_1.4.0/stm32cubeide/plugins/com.st.stm32cube.ide.mcu.externaltools.gnu-tools-for-stm32.7-2018-q2-update.win32_1.4.0.202007081208/tools/bin/../lib/gcc/arm-none-eabi/7.3.1/thumb/v6-m/crtbegin.o

.rel.dyn        0x000000000800037c        0x0
 .rel.iplt      0x000000000800037c        0x0 c:/st/stm32cubeide_1.4.0/stm32cubeide/plugins/com.st.stm32cube.ide.mcu.externaltools.gnu-tools-for-stm32.7-2018-q2-update.win32_1.4.0.202007081208/tools/bin/../lib/gcc/arm-none-eabi/7.3.1/thumb/v6-m/crtbegin.o

.rodata         0x000000000800037c        0x0
                0x000000000800037c                . = ALIGN (0x4)
 *(.rodata)
 *(.rodata*)
                0x000000000800037c                . = ALIGN (0x4)

.ARM.extab      0x000000000800037c        0x0
                0x000000000800037c                . = ALIGN (0x4)
 *(.ARM.extab* .gnu.linkonce.armextab.*)
                0x000000000800037c                . = ALIGN (0x4)

.ARM            0x000000000800037c        0x0
                0x000000000800037c                . = ALIGN (0x4)
                0x000000000800037c                __exidx_start = .
 *(.ARM.exidx*)
                0x000000000800037c                __exidx_end = .
                0x000000000800037c                . = ALIGN (0x4)

.preinit_array  0x000000000800037c        0x0
                0x000000000800037c                . = ALIGN (0x4)
                0x000000000800037c                PROVIDE (__preinit_array_start = .)
 *(.preinit_array*)
                0x000000000800037c                PROVIDE (__preinit_array_end = .)
                0x000000000800037c                . = ALIGN (0x4)

.init_array     0x000000000800037c        0x4
                0x000000000800037c                . = ALIGN (0x4)
                0x000000000800037c                PROVIDE (__init_array_start = .)
 *(SORT_BY_NAME(.init_array.*))
 *(.init_array*)
 .init_array    0x000000000800037c        0x4 c:/st/stm32cubeide_1.4.0/stm32cubeide/plugins/com.st.stm32cube.ide.mcu.externaltools.gnu-tools-for-stm32.7-2018-q2-update.win32_1.4.0.202007081208/tools/bin/../lib/gcc/arm-none-eabi/7.3.1/thumb/v6-m/crtbegin.o
                0x0000000008000380                PROVIDE (__init_array_end = .)
                0x0000000008000380                . = ALIGN (0x4)

.fini_array     0x0000000008000380        0x4
                0x0000000008000380                . = ALIGN (0x4)
                [!provide]                        PROVIDE (__fini_array_start = .)
 *(SORT_BY_NAME(.fini_array.*))
 *(.fini_array*)
 .fini_array    0x0000000008000380        0x4 c:/st/stm32cubeide_1.4.0/stm32cubeide/plugins/com.st.stm32cube.ide.mcu.externaltools.gnu-tools-for-stm32.7-2018-q2-update.win32_1.4.0.202007081208/tools/bin/../lib/gcc/arm-none-eabi/7.3.1/thumb/v6-m/crtbegin.o
                [!provide]                        PROVIDE (__fini_array_end = .)
                0x0000000008000384                . = ALIGN (0x4)
                0x0000000008000384                _sidata = LOADADDR (.data)

.data           0x0000000020000000        0x4 load address 0x0000000008000384
                0x0000000020000000                . = ALIGN (0x4)
                0x0000000020000000                _sdata = .
 *(.data)
 *(.data*)
 .data.uwTickFreq
                0x0000000020000000        0x4 Drivers/STM32G0xx_HAL_Driver/Src/stm32g0xx_hal.o
                0x0000000020000000                uwTickFreq
                0x0000000020000004                . = ALIGN (0x4)
                0x0000000020000004                _edata = .

.igot.plt       0x0000000020000004        0x0 load address 0x0000000008000388
 .igot.plt      0x0000000020000004        0x0 c:/st/stm32cubeide_1.4.0/stm32cubeide/plugins/com.st.stm32cube.ide.mcu.externaltools.gnu-tools-for-stm32.7-2018-q2-update.win32_1.4.0.202007081208/tools/bin/../lib/gcc/arm-none-eabi/7.3.1/thumb/v6-m/crtbegin.o
                0x0000000020000004                . = ALIGN (0x4)

.bss            0x0000000020000004       0x20 load address 0x0000000008000388
                0x0000000020000004                _sbss = .
                0x0000000020000004                __bss_start__ = _sbss
 *(.bss)
 .bss           0x0000000020000004       0x1c c:/st/stm32cubeide_1.4.0/stm32cubeide/plugins/com.st.stm32cube.ide.mcu.externaltools.gnu-tools-for-stm32.7-2018-q2-update.win32_1.4.0.202007081208/tools/bin/../lib/gcc/arm-none-eabi/7.3.1/thumb/v6-m/crtbegin.o
 *(.bss*)
 *(COMMON)
 COMMON         0x0000000020000020        0x4 Drivers/STM32G0xx_HAL_Driver/Src/stm32g0xx_hal.o
                0x0000000020000020                uwTick
                0x0000000020000024                . = ALIGN (0x4)
                0x0000000020000024                _ebss = .
                0x0000000020000024                __bss_end__ = _ebss

._user_heap_stack
                0x0000000020000024      0x604 load address 0x0000000008000388
                0x0000000020000028                . = ALIGN (0x8)
 *fill*         0x0000000020000024        0x4 
                [!provide]                        PROVIDE (end = .)
                0x0000000020000028                PROVIDE (_end = .)
                0x0000000020000228                . = (. + _Min_Heap_Size)
 *fill*         0x0000000020000028      0x200 
                0x0000000020000628                . = (. + _Min_Stack_Size)
 *fill*         0x0000000020000228      0x400 
                0x0000000020000628                . = ALIGN (0x8)

/DISCARD/
 libc.a(*)
 libm.a(*)
 libgcc.a(*)

.ARM.attributes
                0x0000000000000000       0x28
 *(.ARM.attributes)
 .ARM.attributes
                0x0000000000000000       0x1e c:/st/stm32cubeide_1.4.0/stm32cubeide/plugins/com.st.stm32cube.ide.mcu.externaltools.gnu-tools-for-stm32.7-2018-q2-update.win32_1.4.0.202007081208/tools/bin/../lib/gcc/arm-none-eabi/7.3.1/thumb/v6-m/crti.o
 .ARM.attributes
                0x000000000000001e       0x2c c:/st/stm32cubeide_1.4.0/stm32cubeide/plugins/com.st.stm32cube.ide.mcu.externaltools.gnu-tools-for-stm32.7-2018-q2-update.win32_1.4.0.202007081208/tools/bin/../lib/gcc/arm-none-eabi/7.3.1/thumb/v6-m/crtbegin.o
 .ARM.attributes
                0x000000000000004a       0x32 Core/Src/main.o
 .ARM.attributes
                0x000000000000007c       0x32 Core/Src/stm32g0xx_it.o
 .ARM.attributes
                0x00000000000000ae       0x32 Core/Src/system_stm32g0xx.o
 .ARM.attributes
                0x00000000000000e0       0x21 Core/Startup/startup_stm32g071rbtx.o
 .ARM.attributes
                0x0000000000000101       0x32 Drivers/STM32G0xx_HAL_Driver/Src/stm32g0xx_hal.o
 .ARM.attributes
                0x0000000000000133       0x2c c:/st/stm32cubeide_1.4.0/stm32cubeide/plugins/com.st.stm32cube.ide.mcu.externaltools.gnu-tools-for-stm32.7-2018-q2-update.win32_1.4.0.202007081208/tools/bin/../lib/gcc/arm-none-eabi/7.3.1/../../../../arm-none-eabi/lib/thumb/v6-m\libc_nano.a(lib_a-init.o)
 .ARM.attributes
                0x000000000000015f       0x1e c:/st/stm32cubeide_1.4.0/stm32cubeide/plugins/com.st.stm32cube.ide.mcu.externaltools.gnu-tools-for-stm32.7-2018-q2-update.win32_1.4.0.202007081208/tools/bin/../lib/gcc/arm-none-eabi/7.3.1/thumb/v6-m/crtn.o
OUTPUT(UART without HAL.elf elf32-littlearm)

.debug_info     0x0000000000000000     0x1452
 .debug_info    0x0000000000000000      0x403 Core/Src/main.o
 .debug_info    0x0000000000000403      0x1e8 Core/Src/stm32g0xx_it.o
 .debug_info    0x00000000000005eb      0x434 Core/Src/system_stm32g0xx.o
 .debug_info    0x0000000000000a1f       0x22 Core/Startup/startup_stm32g071rbtx.o
 .debug_info    0x0000000000000a41      0xa11 Drivers/STM32G0xx_HAL_Driver/Src/stm32g0xx_hal.o

.debug_abbrev   0x0000000000000000      0x57b
 .debug_abbrev  0x0000000000000000       0xfe Core/Src/main.o
 .debug_abbrev  0x00000000000000fe       0xe2 Core/Src/stm32g0xx_it.o
 .debug_abbrev  0x00000000000001e0      0x147 Core/Src/system_stm32g0xx.o
 .debug_abbrev  0x0000000000000327       0x12 Core/Startup/startup_stm32g071rbtx.o
 .debug_abbrev  0x0000000000000339      0x242 Drivers/STM32G0xx_HAL_Driver/Src/stm32g0xx_hal.o

.debug_aranges  0x0000000000000000      0x1e8
 .debug_aranges
                0x0000000000000000       0x38 Core/Src/main.o
 .debug_aranges
                0x0000000000000038       0x40 Core/Src/stm32g0xx_it.o
 .debug_aranges
                0x0000000000000078       0x28 Core/Src/system_stm32g0xx.o
 .debug_aranges
                0x00000000000000a0       0x28 Core/Startup/startup_stm32g071rbtx.o
 .debug_aranges
                0x00000000000000c8      0x120 Drivers/STM32G0xx_HAL_Driver/Src/stm32g0xx_hal.o

.debug_ranges   0x0000000000000000      0x1a0
 .debug_ranges  0x0000000000000000       0x28 Core/Src/main.o
 .debug_ranges  0x0000000000000028       0x30 Core/Src/stm32g0xx_it.o
 .debug_ranges  0x0000000000000058       0x18 Core/Src/system_stm32g0xx.o
 .debug_ranges  0x0000000000000070       0x20 Core/Startup/startup_stm32g071rbtx.o
 .debug_ranges  0x0000000000000090      0x110 Drivers/STM32G0xx_HAL_Driver/Src/stm32g0xx_hal.o

.debug_macro    0x0000000000000000     0xe0a0
 .debug_macro   0x0000000000000000       0xb5 Core/Src/main.o
 .debug_macro   0x00000000000000b5      0xa48 Core/Src/main.o
 .debug_macro   0x0000000000000afd       0x28 Core/Src/main.o
 .debug_macro   0x0000000000000b25       0x22 Core/Src/main.o
 .debug_macro   0x0000000000000b47       0x8e Core/Src/main.o
 .debug_macro   0x0000000000000bd5       0x51 Core/Src/main.o
 .debug_macro   0x0000000000000c26       0xef Core/Src/main.o
 .debug_macro   0x0000000000000d15       0x6a Core/Src/main.o
 .debug_macro   0x0000000000000d7f      0x1df Core/Src/main.o
 .debug_macro   0x0000000000000f5e       0x1c Core/Src/main.o
 .debug_macro   0x0000000000000f7a       0x22 Core/Src/main.o
 .debug_macro   0x0000000000000f9c       0xb5 Core/Src/main.o
 .debug_macro   0x0000000000001051      0x4da Core/Src/main.o
 .debug_macro   0x000000000000152b      0x11f Core/Src/main.o
 .debug_macro   0x000000000000164a     0xc54d Core/Src/main.o
 .debug_macro   0x000000000000db97      0x1ad Core/Src/stm32g0xx_it.o
 .debug_macro   0x000000000000dd44      0x19f Core/Src/system_stm32g0xx.o
 .debug_macro   0x000000000000dee3      0x1bd Drivers/STM32G0xx_HAL_Driver/Src/stm32g0xx_hal.o

.debug_line     0x0000000000000000     0x1b56
 .debug_line    0x0000000000000000      0x493 Core/Src/main.o
 .debug_line    0x0000000000000493      0x6c5 Core/Src/stm32g0xx_it.o
 .debug_line    0x0000000000000b58      0x68d Core/Src/system_stm32g0xx.o
 .debug_line    0x00000000000011e5       0x89 Core/Startup/startup_stm32g071rbtx.o
 .debug_line    0x000000000000126e      0x8e8 Drivers/STM32G0xx_HAL_Driver/Src/stm32g0xx_hal.o

.debug_str      0x0000000000000000    0x8570c
 .debug_str     0x0000000000000000    0x4e18f Core/Src/main.o
                                      0x4e32a (size before relaxing)
 .debug_str     0x000000000004e18f    0x36d93 Core/Src/stm32g0xx_it.o
                                      0x852cb (size before relaxing)
 .debug_str     0x0000000000084f22       0x9c Core/Src/system_stm32g0xx.o
                                      0x853a4 (size before relaxing)
 .debug_str     0x0000000000084fbe       0x36 Core/Startup/startup_stm32g071rbtx.o
                                         0x79 (size before relaxing)
 .debug_str     0x0000000000084ff4      0x718 Drivers/STM32G0xx_HAL_Driver/Src/stm32g0xx_hal.o
                                      0x85ac0 (size before relaxing)

.comment        0x0000000000000000       0x7b
 .comment       0x0000000000000000       0x7b Core/Src/main.o
                                         0x7c (size before relaxing)
 .comment       0x000000000000007b       0x7c Core/Src/stm32g0xx_it.o
 .comment       0x000000000000007b       0x7c Core/Src/system_stm32g0xx.o
 .comment       0x000000000000007b       0x7c Drivers/STM32G0xx_HAL_Driver/Src/stm32g0xx_hal.o

.debug_frame    0x0000000000000000      0x574
 .debug_frame   0x0000000000000000       0x84 Core/Src/main.o
 .debug_frame   0x0000000000000084       0x9c Core/Src/stm32g0xx_it.o
 .debug_frame   0x0000000000000120       0x4c Core/Src/system_stm32g0xx.o
 .debug_frame   0x000000000000016c      0x3dc Drivers/STM32G0xx_HAL_Driver/Src/stm32g0xx_hal.o
 .debug_frame   0x0000000000000548       0x2c c:/st/stm32cubeide_1.4.0/stm32cubeide/plugins/com.st.stm32cube.ide.mcu.externaltools.gnu-tools-for-stm32.7-2018-q2-update.win32_1.4.0.202007081208/tools/bin/../lib/gcc/arm-none-eabi/7.3.1/../../../../arm-none-eabi/lib/thumb/v6-m\libc_nano.a(lib_a-init.o)
